// Jest Snapshot v1, https://goo.gl/fbAQLP

exports[`<Main /> should render the heading 1`] = `
<main
  class="sc-aYaIB fAXXLU"
>
  <h1>
    Passou no Teste
  </h1>
</main>
`;
